error - providers\company_provider.dart:145:13 - The named parameter 'relatedEntityactivityType' isn't defined. Try correcting the name to an existing named parameter's name, or defining a named parameter with the name 'relatedEntityactivityType'. - undefined_named_parameter
error - providers\company_provider.dart:177:13 - The named parameter 'relatedEntityactivityType' isn't defined. Try correcting the name to an existing named parameter's name, or defining a named parameter with the name 'relatedEntityactivityType'. - undefined_named_parameter
error - providers\company_provider.dart:208:13 - The named parameter 'relatedEntityactivityType' isn't defined. Try correcting the name to an existing named parameter's name, or defining a named parameter with the name 'relatedEntityactivityType'. - undefined_named_parameter
error - providers\deal_provider.dart:141:13 - The named parameter 'relatedEntityactivityType' isn't defined. Try correcting the name to an existing named parameter's name, or defining a named parameter with the name 'relatedEntityactivityType'. - undefined_named_parameter
error - providers\deal_provider.dart:173:17 - The named parameter 'relatedEntityactivityType' isn't defined. Try correcting the name to an existing named parameter's name, or defining a named parameter with the name 'relatedEntityactivityType'. - undefined_named_parameter
error - providers\deal_provider.dart:183:17 - The named parameter 'relatedEntityactivityType' isn't defined. Try correcting the name to an existing named parameter's name, or defining a named parameter with the name 'relatedEntityactivityType'. - undefined_named_parameter
error - providers\deal_provider.dart:215:13 - The named parameter 'relatedEntityactivityType' isn't defined. Try correcting the name to an existing named parameter's name, or defining a named parameter with the name 'relatedEntityactivityType'. - undefined_named_parameter
error - providers\lead_provider.dart:143:13 - The named parameter 'relatedEntityactivityType' isn't defined. Try correcting the name to an existing named parameter's name, or defining a named parameter with the name 'relatedEntityactivityType'. - undefined_named_parameter
error - providers\lead_provider.dart:178:17 - The named parameter 'relatedEntityactivityType' isn't defined. Try correcting the name to an existing named parameter's name, or defining a named parameter with the name 'relatedEntityactivityType'. - undefined_named_parameter
error - providers\lead_provider.dart:188:17 - The named parameter 'relatedEntityactivityType' isn't defined. Try correcting the name to an existing named parameter's name, or defining a named parameter with the name 'relatedEntityactivityType'. - undefined_named_parameter
error - providers\lead_provider.dart:198:17 - The named parameter 'relatedEntityactivityType' isn't defined. Try correcting the name to an existing named parameter's name, or defining a named parameter with the name 'relatedEntityactivityType'. - undefined_named_parameter
error - providers\lead_provider.dart:230:13 - The named parameter 'relatedEntityactivityType' isn't defined. Try correcting the name to an existing named parameter's name, or defining a named parameter with the name 'relatedEntityactivityType'. - undefined_named_parameter
error - providers\lead_provider.dart:261:13 - The named parameter 'relatedEntityactivityType' isn't defined. Try correcting the name to an existing named parameter's name, or defining a named parameter with the name 'relatedEntityactivityType'. - undefined_named_parameter
error - providers\task_provider.dart:93:17 - The named parameter 'relatedEntityactivityType' isn't defined. Try correcting the name to an existing named parameter's name, or defining a named parameter with the name 'relatedEntityactivityType'. - undefined_named_parameter
error - providers\task_provider.dart:166:13 - The named parameter 'relatedEntityactivityType' isn't defined. Try correcting the name to an existing named parameter's name, or defining a named parameter with the name 'relatedEntityactivityType'. - undefined_named_parameter
error - providers\task_provider.dart:199:17 - The named parameter 'relatedEntityactivityType' isn't defined. Try correcting the name to an existing named parameter's name, or defining a named parameter with the name 'relatedEntityactivityType'. - undefined_named_parameter
error - providers\task_provider.dart:210:17 - The named parameter 'relatedEntityactivityType' isn't defined. Try correcting the name to an existing named parameter's name, or defining a named parameter with the name 'relatedEntityactivityType'. - undefined_named_parameter
error - providers\task_provider.dart:243:13 - The named parameter 'relatedEntityactivityType' isn't defined. Try correcting the name to an existing named parameter's name, or defining a named parameter with the name 'relatedEntityactivityType'. - undefined_named_parameter
warning - screens\deals\deals_screen.dart:12:8 - Unused import: '../../utils/error_handler.dart'. Try removing the import directive. - unused_import
