Analyzing CRM...                                                

warning - Unused import: '../../theme/app_theme.dart' - lib\screens\home\home_screen.dart:6:8 - unused_import
  error - The getter 'displayName' isn't defined for the type 'Role' - lib\screens\home\home_screen.dart:36:30 - undefined_getter
   info - 'withOpacity' is deprecated and shouldn't be used. Use .withValues() to avoid precision loss - lib\screens\home\widgets\dashboard_card.dart:27:64 - deprecated_member_use
   info - 'withOpacity' is deprecated and shouldn't be used. Use .withValues() to avoid precision loss - lib\screens\home\widgets\dashboard_card.dart:44:36 - deprecated_member_use
   info - 'withOpacity' is deprecated and shouldn't be used. Use .withValues() to avoid precision loss - lib\screens\home\widgets\recent_activity_widget.dart:26:41 - deprecated_member_use
   info - Use 'const' with the constructor to improve performance - lib\theme\app_theme.dart:11:20 - prefer_const_constructors

